// Jest Snapshot v1, https://goo.gl/fbAQLP

exports[`render App test render App correctly 1`] = `null`;
